---
source: crates/mokoto/tests/parser.rs
expression: output
---
Path.to.type

---
PATH_TYPE@0..12
  PATH@0..12
    IDENT@0..4 "Path"
    DOT@4..5 "."
    IDENT@5..7 "to"
    DOT@7..8 "."
    IDENT@8..12 "type"
