---
source: crates/mokoto/tests/parser.rs
expression: output
---
{ var x : Text }

---
OBJECT_TYPE@0..16
  L_BRACE@0..1 "{"
  SPACE@1..2 " "
  TYPE_FIELD@2..15
    MutModifier@2..6
      VAR_KW@2..5 "var"
      SPACE@5..6 " "
    IDENT@6..7 "x"
    SPACE@7..8 " "
    COLON@8..9 ":"
    SPACE@9..10 " "
    PATH_TYPE@10..15
      PATH@10..15
        IDENT@10..14 "Text"
        SPACE@14..15 " "
  R_BRACE@15..16 "}"
