---
source: crates/mokoto/tests/parser.rs
expression: output
---
{ var x : Text, y : Nat }

---
OBJECT_TYPE@0..25
  L_BRACE@0..1 "{"
  SPACE@1..2 " "
  TYPE_FIELD@2..14
    MutModifier@2..6
      VAR_KW@2..5 "var"
      SPACE@5..6 " "
    IDENT@6..7 "x"
    SPACE@7..8 " "
    COLON@8..9 ":"
    SPACE@9..10 " "
    PATH_TYPE@10..14
      PATH@10..14
        IDENT@10..14 "Text"
  COMMA@14..15 ","
  SPACE@15..16 " "
  TYPE_FIELD@16..24
    IDENT@16..17 "y"
    SPACE@17..18 " "
    COLON@18..19 ":"
    SPACE@19..20 " "
    PATH_TYPE@20..24
      PATH@20..24
        IDENT@20..23 "Nat"
        SPACE@23..24 " "
  R_BRACE@24..25 "}"
