---
source: crates/mokoto/tests/parser.rs
expression: output
---
{ x : Text }

---
OBJECT_TYPE@0..12
  L_BRACE@0..1 "{"
  SPACE@1..2 " "
  TYPE_FIELD@2..11
    IDENT@2..3 "x"
    SPACE@3..4 " "
    COLON@4..5 ":"
    SPACE@5..6 " "
    PATH_TYPE@6..11
      PATH@6..11
        IDENT@6..10 "Text"
        SPACE@10..11 " "
  R_BRACE@11..12 "}"
