---
source: crates/mokoto/tests/parser.rs
expression: output
---
x

---
VAR_PAT@0..1
  NAME@0..1
    IDENT@0..1 "x"
