---
source: crates/mokoto/tests/parser.rs
expression: output
---
Text

---
PATH_TYPE@0..4
  PATH@0..4
    IDENT@0..4 "Text"
