---
source: crates/mokoto/tests/parser.rs
expression: output
---
async Text

---
ASYNC_TYPE@0..10
  ASYNC_KW@0..5 "async"
  SPACE@5..6 " "
  PATH_TYPE@6..10
    PATH@6..10
      IDENT@6..10 "Text"
