---
source: crates/mokoto/tests/types.rs
expression: output
---
{ var x : Text, y : Nat }

---
Root@0..25
  ObjT@0..25
    LBrace@0..1 "{"
    Space@1..2 " "
    TypField@2..14
      MutModifier@2..6
        VarKw@2..5 "var"
        Space@5..6 " "
      Ident@6..7 "x"
      Space@7..8 " "
      Colon@8..9 ":"
      Space@9..10 " "
      PathT@10..14
        Path@10..14
          Ident@10..14 "Text"
    Comma@14..15 ","
    Space@15..16 " "
    TypField@16..24
      Ident@16..17 "y"
      Space@17..18 " "
      Colon@18..19 ":"
      Space@19..20 " "
      PathT@20..24
        Path@20..24
          Ident@20..23 "Nat"
          Space@23..24 " "
    RBrace@24..25 "}"
